error: struct `T1` is never constructed
  --> $DIR/unused-adt-impl-pub-trait-with-assoc-const.rs:3:8
   |
LL | struct T1;
   |        ^^
   |
note: the lint level is defined here
  --> $DIR/unused-adt-impl-pub-trait-with-assoc-const.rs:1:9
   |
LL | #![deny(dead_code)]
   |         ^^^^^^^^^

error: struct `T2` is never constructed
  --> $DIR/unused-adt-impl-pub-trait-with-assoc-const.rs:4:8
   |
LL | struct T2;
   |        ^^

error: struct `T3` is never constructed
  --> $DIR/unused-adt-impl-pub-trait-with-assoc-const.rs:5:12
   |
LL | pub struct T3(i32);
   |            ^^

error: field `0` is never read
  --> $DIR/unused-adt-impl-pub-trait-with-assoc-const.rs:6:15
   |
LL | pub struct T4(i32);
   |            -- ^^^
   |            |
   |            field in this struct
   |
   = help: consider removing this field

error: trait `Trait1` is never used
  --> $DIR/unused-adt-impl-pub-trait-with-assoc-const.rs:8:7
   |
LL | trait Trait1 {
   |       ^^^^^^

error: aborting due to 5 previous errors

