error: rustc_dump_def_parents: DefId(..)
  --> $DIR/dump_def_parents.rs:8:13
   |
LL |             || {
   |             ^^
   |
note: DefId(..)
  --> $DIR/dump_def_parents.rs:6:9
   |
LL |         fn baz() {
   |         ^^^^^^^^
note: DefId(..)
  --> $DIR/dump_def_parents.rs:5:5
   |
LL |     fn foo() {
   |     ^^^^^^^^
note: DefId(..)
  --> $DIR/dump_def_parents.rs:4:1
   |
LL | fn bar() {
   | ^^^^^^^^
note: DefId(..)
  --> $DIR/dump_def_parents.rs:2:1
   |
LL | / #![feature(rustc_attrs)]
LL | |
LL | | fn bar() {
LL | |     fn foo() {
...  |
LL | |
LL | | fn main() {}
   | |____________^

error: rustc_dump_def_parents: DefId(..)
  --> $DIR/dump_def_parents.rs:11:21
   |
LL | /                     {
LL | |
LL | |                         fn inhibits_dump() {
LL | |                             qux::<
...  |
LL | |                         1
LL | |                     },
   | |_____________________^
   |
note: DefId(..)
  --> $DIR/dump_def_parents.rs:8:13
   |
LL |             || {
   |             ^^
note: DefId(..)
  --> $DIR/dump_def_parents.rs:6:9
   |
LL |         fn baz() {
   |         ^^^^^^^^
note: DefId(..)
  --> $DIR/dump_def_parents.rs:5:5
   |
LL |     fn foo() {
   |     ^^^^^^^^
note: DefId(..)
  --> $DIR/dump_def_parents.rs:4:1
   |
LL | fn bar() {
   | ^^^^^^^^
note: DefId(..)
  --> $DIR/dump_def_parents.rs:2:1
   |
LL | / #![feature(rustc_attrs)]
LL | |
LL | | fn bar() {
LL | |     fn foo() {
...  |
LL | |
LL | | fn main() {}
   | |____________^

error: rustc_dump_def_parents: DefId(..)
  --> $DIR/dump_def_parents.rs:22:31
   |
LL |                         qux::<{ 1 + 1 }>();
   |                               ^^^^^^^^^
   |
note: DefId(..)
  --> $DIR/dump_def_parents.rs:11:21
   |
LL | /                     {
LL | |
LL | |                         fn inhibits_dump() {
LL | |                             qux::<
...  |
LL | |                         1
LL | |                     },
   | |_____________________^
note: DefId(..)
  --> $DIR/dump_def_parents.rs:8:13
   |
LL |             || {
   |             ^^
note: DefId(..)
  --> $DIR/dump_def_parents.rs:6:9
   |
LL |         fn baz() {
   |         ^^^^^^^^
note: DefId(..)
  --> $DIR/dump_def_parents.rs:5:5
   |
LL |     fn foo() {
   |     ^^^^^^^^
note: DefId(..)
  --> $DIR/dump_def_parents.rs:4:1
   |
LL | fn bar() {
   | ^^^^^^^^
note: DefId(..)
  --> $DIR/dump_def_parents.rs:2:1
   |
LL | / #![feature(rustc_attrs)]
LL | |
LL | | fn bar() {
LL | |     fn foo() {
...  |
LL | |
LL | | fn main() {}
   | |____________^

error: aborting due to 3 previous errors

