error: item in documentation is missing backticks
  --> tests/ui/doc/doc-fixable.rs:9:9
   |
LL | /// The foo_bar function does _nothing_. See also foo::bar. (note the dot there)
   |         ^^^^^^^
   |
   = note: `-D clippy::doc-markdown` implied by `-D warnings`
   = help: to override `-D warnings` add `#[allow(clippy::doc_markdown)]`
help: try
   |
LL | /// The `foo_bar` function does _nothing_. See also foo::bar. (note the dot there)
   |         ~~~~~~~~~

error: item in documentation is missing backticks
  --> tests/ui/doc/doc-fixable.rs:9:51
   |
LL | /// The foo_bar function does _nothing_. See also foo::bar. (note the dot there)
   |                                                   ^^^^^^^^
   |
help: try
   |
LL | /// The foo_bar function does _nothing_. See also `foo::bar`. (note the dot there)
   |                                                   ~~~~~~~~~~

error: item in documentation is missing backticks
  --> tests/ui/doc/doc-fixable.rs:10:83
   |
LL | /// Markdown is _weird_. I mean _really weird_. This \_ is ok. So is `_`. But not Foo::some_fun
   |                                                                                   ^^^^^^^^^^^^^
   |
help: try
   |
LL | /// Markdown is _weird_. I mean _really weird_. This \_ is ok. So is `_`. But not `Foo::some_fun`
   |                                                                                   ~~~~~~~~~~~~~~~

error: item in documentation is missing backticks
  --> tests/ui/doc/doc-fixable.rs:12:13
   |
LL | /// Here be ::a::global:path, and _::another::global::path_.  :: is not a path though.
   |             ^^^^^^^^^^^^^^^^
   |
help: try
   |
LL | /// Here be `::a::global:path`, and _::another::global::path_.  :: is not a path though.
   |             ~~~~~~~~~~~~~~~~~~

error: item in documentation is missing backticks
  --> tests/ui/doc/doc-fixable.rs:12:36
   |
LL | /// Here be ::a::global:path, and _::another::global::path_.  :: is not a path though.
   |                                    ^^^^^^^^^^^^^^^^^^^^^^^
   |
help: try
   |
LL | /// Here be ::a::global:path, and _`::another::global::path`_.  :: is not a path though.
   |                                    ~~~~~~~~~~~~~~~~~~~~~~~~~

error: item in documentation is missing backticks
  --> tests/ui/doc/doc-fixable.rs:13:25
   |
LL | /// Import an item from ::awesome::global::blob:: (Intended postfix)
   |                         ^^^^^^^^^^^^^^^^^^^^^^^^^
   |
help: try
   |
LL | /// Import an item from `::awesome::global::blob::` (Intended postfix)
   |                         ~~~~~~~~~~~~~~~~~~~~~~~~~~~

error: item in documentation is missing backticks
  --> tests/ui/doc/doc-fixable.rs:14:31
   |
LL | /// These are the options for ::Cat: (Intended trailing single colon, shouldn't be linted)
   |                               ^^^^^
   |
help: try
   |
LL | /// These are the options for `::Cat`: (Intended trailing single colon, shouldn't be linted)
   |                               ~~~~~~~

error: item in documentation is missing backticks
  --> tests/ui/doc/doc-fixable.rs:15:22
   |
LL | /// That's not code ~NotInCodeBlock~.
   |                      ^^^^^^^^^^^^^^
   |
help: try
   |
LL | /// That's not code ~`NotInCodeBlock`~.
   |                      ~~~~~~~~~~~~~~~~

error: item in documentation is missing backticks
  --> tests/ui/doc/doc-fixable.rs:16:5
   |
LL | /// be_sure_we_got_to_the_end_of_it
   |     ^^^^^^^^^^^^^^^^^^^^^^^^^^^^^^^
   |
help: try
   |
LL | /// `be_sure_we_got_to_the_end_of_it`
   |     ~~~~~~~~~~~~~~~~~~~~~~~~~~~~~~~~~

error: item in documentation is missing backticks
  --> tests/ui/doc/doc-fixable.rs:30:5
   |
LL | /// be_sure_we_got_to_the_end_of_it
   |     ^^^^^^^^^^^^^^^^^^^^^^^^^^^^^^^
   |
help: try
   |
LL | /// `be_sure_we_got_to_the_end_of_it`
   |     ~~~~~~~~~~~~~~~~~~~~~~~~~~~~~~~~~

error: item in documentation is missing backticks
  --> tests/ui/doc/doc-fixable.rs:37:5
   |
LL | /// be_sure_we_got_to_the_end_of_it
   |     ^^^^^^^^^^^^^^^^^^^^^^^^^^^^^^^
   |
help: try
   |
LL | /// `be_sure_we_got_to_the_end_of_it`
   |     ~~~~~~~~~~~~~~~~~~~~~~~~~~~~~~~~~

error: item in documentation is missing backticks
  --> tests/ui/doc/doc-fixable.rs:51:5
   |
LL | /// be_sure_we_got_to_the_end_of_it
   |     ^^^^^^^^^^^^^^^^^^^^^^^^^^^^^^^
   |
help: try
   |
LL | /// `be_sure_we_got_to_the_end_of_it`
   |     ~~~~~~~~~~~~~~~~~~~~~~~~~~~~~~~~~

error: item in documentation is missing backticks
  --> tests/ui/doc/doc-fixable.rs:78:5
   |
LL | /// be_sure_we_got_to_the_end_of_it
   |     ^^^^^^^^^^^^^^^^^^^^^^^^^^^^^^^
   |
help: try
   |
LL | /// `be_sure_we_got_to_the_end_of_it`
   |     ~~~~~~~~~~~~~~~~~~~~~~~~~~~~~~~~~

error: item in documentation is missing backticks
  --> tests/ui/doc/doc-fixable.rs:95:5
   |
LL | /// be_sure_we_got_to_the_end_of_it
   |     ^^^^^^^^^^^^^^^^^^^^^^^^^^^^^^^
   |
help: try
   |
LL | /// `be_sure_we_got_to_the_end_of_it`
   |     ~~~~~~~~~~~~~~~~~~~~~~~~~~~~~~~~~

error: item in documentation is missing backticks
  --> tests/ui/doc/doc-fixable.rs:103:8
   |
LL | /// ## CamelCaseThing
   |        ^^^^^^^^^^^^^^
   |
help: try
   |
LL | /// ## `CamelCaseThing`
   |        ~~~~~~~~~~~~~~~~

error: item in documentation is missing backticks
  --> tests/ui/doc/doc-fixable.rs:106:7
   |
LL | /// # CamelCaseThing
   |       ^^^^^^^^^^^^^^
   |
help: try
   |
LL | /// # `CamelCaseThing`
   |       ~~~~~~~~~~~~~~~~

error: item in documentation is missing backticks
  --> tests/ui/doc/doc-fixable.rs:108:22
   |
LL | /// Not a title #897 CamelCaseThing
   |                      ^^^^^^^^^^^^^^
   |
help: try
   |
LL | /// Not a title #897 `CamelCaseThing`
   |                      ~~~~~~~~~~~~~~~~

error: item in documentation is missing backticks
  --> tests/ui/doc/doc-fixable.rs:109:5
   |
LL | /// be_sure_we_got_to_the_end_of_it
   |     ^^^^^^^^^^^^^^^^^^^^^^^^^^^^^^^
   |
help: try
   |
LL | /// `be_sure_we_got_to_the_end_of_it`
   |     ~~~~~~~~~~~~~~~~~~~~~~~~~~~~~~~~~

error: item in documentation is missing backticks
  --> tests/ui/doc/doc-fixable.rs:116:5
   |
LL | /// be_sure_we_got_to_the_end_of_it
   |     ^^^^^^^^^^^^^^^^^^^^^^^^^^^^^^^
   |
help: try
   |
LL | /// `be_sure_we_got_to_the_end_of_it`
   |     ~~~~~~~~~~~~~~~~~~~~~~~~~~~~~~~~~

error: item in documentation is missing backticks
  --> tests/ui/doc/doc-fixable.rs:129:5
   |
LL | /// be_sure_we_got_to_the_end_of_it
   |     ^^^^^^^^^^^^^^^^^^^^^^^^^^^^^^^
   |
help: try
   |
LL | /// `be_sure_we_got_to_the_end_of_it`
   |     ~~~~~~~~~~~~~~~~~~~~~~~~~~~~~~~~~

error: item in documentation is missing backticks
  --> tests/ui/doc/doc-fixable.rs:140:43
   |
LL | /** E.g., serialization of an empty list: FooBar
   |                                           ^^^^^^
   |
help: try
   |
LL | /** E.g., serialization of an empty list: `FooBar`
   |                                           ~~~~~~~~

error: item in documentation is missing backticks
  --> tests/ui/doc/doc-fixable.rs:145:5
   |
LL | And BarQuz too.
   |     ^^^^^^
   |
help: try
   |
LL | And `BarQuz` too.
   |     ~~~~~~~~

error: item in documentation is missing backticks
  --> tests/ui/doc/doc-fixable.rs:146:1
   |
LL | be_sure_we_got_to_the_end_of_it
   | ^^^^^^^^^^^^^^^^^^^^^^^^^^^^^^^
   |
help: try
   |
LL | `be_sure_we_got_to_the_end_of_it`
   |

error: item in documentation is missing backticks
  --> tests/ui/doc/doc-fixable.rs:151:43
   |
LL | /** E.g., serialization of an empty list: FooBar
   |                                           ^^^^^^
   |
help: try
   |
LL | /** E.g., serialization of an empty list: `FooBar`
   |                                           ~~~~~~~~

error: item in documentation is missing backticks
  --> tests/ui/doc/doc-fixable.rs:156:5
   |
LL | And BarQuz too.
   |     ^^^^^^
   |
help: try
   |
LL | And `BarQuz` too.
   |     ~~~~~~~~

error: item in documentation is missing backticks
  --> tests/ui/doc/doc-fixable.rs:157:1
   |
LL | be_sure_we_got_to_the_end_of_it
   | ^^^^^^^^^^^^^^^^^^^^^^^^^^^^^^^
   |
help: try
   |
LL | `be_sure_we_got_to_the_end_of_it`
   |

error: item in documentation is missing backticks
  --> tests/ui/doc/doc-fixable.rs:168:5
   |
LL | /// be_sure_we_got_to_the_end_of_it
   |     ^^^^^^^^^^^^^^^^^^^^^^^^^^^^^^^
   |
help: try
   |
LL | /// `be_sure_we_got_to_the_end_of_it`
   |     ~~~~~~~~~~~~~~~~~~~~~~~~~~~~~~~~~

error: item in documentation is missing backticks
  --> tests/ui/doc/doc-fixable.rs:187:22
   |
LL | /// An iterator over mycrate::Collection's values.
   |                      ^^^^^^^^^^^^^^^^^^^
   |
help: try
   |
LL | /// An iterator over `mycrate::Collection`'s values.
   |                      ~~~~~~~~~~~~~~~~~~~~~

error: item in documentation is missing backticks
  --> tests/ui/doc/doc-fixable.rs:211:34
   |
LL | /// Foo \[bar\] \[baz\] \[qux\]. DocMarkdownLint
   |                                  ^^^^^^^^^^^^^^^
   |
help: try
   |
LL | /// Foo \[bar\] \[baz\] \[qux\]. `DocMarkdownLint`
   |                                  ~~~~~~~~~~~~~~~~~

error: item in documentation is missing backticks
  --> tests/ui/doc/doc-fixable.rs:234:22
   |
LL | /// There is no try (do() or do_not()).
   |                      ^^^^
   |
help: try
   |
LL | /// There is no try (`do()` or do_not()).
   |                      ~~~~~~

error: item in documentation is missing backticks
  --> tests/ui/doc/doc-fixable.rs:234:30
   |
LL | /// There is no try (do() or do_not()).
   |                              ^^^^^^^^
   |
help: try
   |
LL | /// There is no try (do() or `do_not()`).
   |                              ~~~~~~~~~~

error: item in documentation is missing backticks
  --> tests/ui/doc/doc-fixable.rs:237:5
   |
LL | /// ABes
   |     ^^^^
   |
help: try
   |
LL | /// `ABes`
   |     ~~~~~~

error: item in documentation is missing backticks
  --> tests/ui/doc/doc-fixable.rs:243:9
   |
LL |     /// foo()
   |         ^^^^^
   |
help: try
   |
LL |     /// `foo()`
   |         ~~~~~~~

error: you should put bare URLs between `<`/`>` or make a proper Markdown link
  --> tests/ui/doc/doc-fixable.rs:247:5
   |
LL | /// https://github.com/rust-lang/rust-clippy/pull/12836
   |     ^^^^^^^^^^^^^^^^^^^^^^^^^^^^^^^^^^^^^^^^^^^^^^^^^^^ help: try: `<https://github.com/rust-lang/rust-clippy/pull/12836>`

error: aborting due to 34 previous errors

