error: the compiler unexpectedly panicked. this is a bug.

query stack during panic:
#0 [check_well_formed] checking that `<impl at $DIR/minicore.rs:459:1: 459:36>` is well-formed
#1 [check_mod_type_wf] checking that types are well-formed in top-level module
end of query stack

error: the compiler unexpectedly panicked. this is a bug.

query stack during panic:
#0 [check_well_formed] checking that `drop` is well-formed
#1 [check_mod_type_wf] checking that types are well-formed in top-level module
end of query stack
